
> ai-interview-prep@0.1.0 build
> next build

   ▲ Next.js 16.0.10 (Turbopack)
   - Environments: .env.local

   Creating an optimized production build ...

> Build error occurred
Error: Turbopack build failed with 2 errors:
./components/configuration/ConfigForm.jsx:4:1
Module not found: Can't resolve '@hookform/resolvers/zod'
[0m [90m 2 |[39m
 [90m 3 |[39m [36mimport[39m { useForm } [36mfrom[39m [32m"react-hook-form"[39m[33m;[39m
[31m[1m>[22m[39m[90m 4 |[39m [36mimport[39m { zodResolver } [36mfrom[39m [32m"@hookform/resolvers/zod"[39m[33m;[39m
 [90m   |[39m [31m[1m^[22m[39m[31m[1m^[22m[39m[31m[1m^[22m[39m[31m[1m^[22m[39m[31m[1m^[22m[39m[31m[1m^[22m[39m[31m[1m^[22m[39m[31m[1m^[22m[39m[31m[1m^[22m[39m[31m[1m^[22m[39m[31m[1m^[22m[39m[31m[1m^[22m[39m[31m[1m^[22m[39m[31m[1m^[22m[39m[31m[1m^[22m[39m[31m[1m^[22m[39m[31m[1m^[22m[39m[31m[1m^[22m[39m[31m[1m^[22m[39m[31m[1m^[22m[39m[31m[1m^[22m[39m[31m[1m^[22m[39m[31m[1m^[22m[39m[31m[1m^[22m[39m[31m[1m^[22m[39m[31m[1m^[22m[39m[31m[1m^[22m[39m[31m[1m^[22m[39m[31m[1m^[22m[39m[31m[1m^[22m[39m[31m[1m^[22m[39m[31m[1m^[22m[39m[31m[1m^[22m[39m[31m[1m^[22m[39m[31m[1m^[22m[39m[31m[1m^[22m[39m[31m[1m^[22m[39m[31m[1m^[22m[39m[31m[1m^[22m[39m[31m[1m^[22m[39m[31m[1m^[22m[39m[31m[1m^[22m[39m[31m[1m^[22m[39m[31m[1m^[22m[39m[31m[1m^[22m[39m[31m[1m^[22m[39m[31m[1m^[22m[39m[31m[1m^[22m[39m[31m[1m^[22m[39m[31m[1m^[22m[39m[31m[1m^[22m[39m[31m[1m^[22m[39m[31m[1m^[22m[39m[31m[1m^[22m[39m
 [90m 5 |[39m [36mimport[39m [33m*[39m [36mas[39m z [36mfrom[39m [32m"zod"[39m[33m;[39m
 [90m 6 |[39m [36mimport[39m { useAuth } [36mfrom[39m [32m"@/components/providers/AuthProvider"[39m[33m;[39m
 [90m 7 |[39m [36mimport[39m { [33mButton[39m } [36mfrom[39m [32m"@/components/ui/Button"[39m[33m;[39m[0m



Import trace:
  Server Component:
    ./components/configuration/ConfigForm.jsx
    ./app/(dashboard)/dashboard/configuration/page.js

https://nextjs.org/docs/messages/module-not-found


./components/interview/SetupForm.jsx:4:1
Module not found: Can't resolve '@hookform/resolvers/zod'
[0m [90m 2 |[39m
 [90m 3 |[39m [36mimport[39m { useForm } [36mfrom[39m [32m"react-hook-form"[39m[33m;[39m
[31m[1m>[22m[39m[90m 4 |[39m [36mimport[39m { zodResolver } [36mfrom[39m [32m"@hookform/resolvers/zod"[39m[33m;[39m
 [90m   |[39m [31m[1m^[22m[39m[31m[1m^[22m[39m[31m[1m^[22m[39m[31m[1m^[22m[39m[31m[1m^[22m[39m[31m[1m^[22m[39m[31m[1m^[22m[39m[31m[1m^[22m[39m[31m[1m^[22m[39m[31m[1m^[22m[39m[31m[1m^[22m[39m[31m[1m^[22m[39m[31m[1m^[22m[39m[31m[1m^[22m[39m[31m[1m^[22m[39m[31m[1m^[22m[39m[31m[1m^[22m[39m[31m[1m^[22m[39m[31m[1m^[22m[39m[31m[1m^[22m[39m[31m[1m^[22m[39m[31m[1m^[22m[39m[31m[1m^[22m[39m[31m[1m^[22m[39m[31m[1m^[22m[39m[31m[1m^[22m[39m[31m[1m^[22m[39m[31m[1m^[22m[39m[31m[1m^[22m[39m[31m[1m^[22m[39m[31m[1m^[22m[39m[31m[1m^[22m[39m[31m[1m^[22m[39m[31m[1m^[22m[39m[31m[1m^[22m[39m[31m[1m^[22m[39m[31m[1m^[22m[39m[31m[1m^[22m[39m[31m[1m^[22m[39m[31m[1m^[22m[39m[31m[1m^[22m[39m[31m[1m^[22m[39m[31m[1m^[22m[39m[31m[1m^[22m[39m[31m[1m^[22m[39m[31m[1m^[22m[39m[31m[1m^[22m[39m[31m[1m^[22m[39m[31m[1m^[22m[39m[31m[1m^[22m[39m[31m[1m^[22m[39m[31m[1m^[22m[39m[31m[1m^[22m[39m[31m[1m^[22m[39m
 [90m 5 |[39m [36mimport[39m [33m*[39m [36mas[39m z [36mfrom[39m [32m"zod"[39m[33m;[39m
 [90m 6 |[39m [36mimport[39m { [33mButton[39m } [36mfrom[39m [32m"@/components/ui/Button"[39m[33m;[39m
 [90m 7 |[39m [36mimport[39m { [33mInput[39m } [36mfrom[39m [32m"@/components/ui/Input"[39m[33m;[39m [90m// We might need a Select component[39m[0m



Import trace:
  Server Component:
    ./components/interview/SetupForm.jsx
    ./app/(dashboard)/dashboard/interview/setup/page.js

https://nextjs.org/docs/messages/module-not-found


    at <unknown> (./components/configuration/ConfigForm.jsx:4:1)
    at <unknown> (https://nextjs.org/docs/messages/module-not-found)
    at <unknown> (./components/interview/SetupForm.jsx:4:1)
    at <unknown> (https://nextjs.org/docs/messages/module-not-found)
